#
# There is insufficient memory for the Java Runtime Environment to continue.
# Native memory allocation (mmap) failed to map 266338304 bytes. Error detail: G1 virtual space
# Possible reasons:
#   The system is out of physical RAM or swap space
#   This process is running with CompressedOops enabled, and the Java Heap may be blocking the growth of the native heap
# Possible solutions:
#   Reduce memory load on the system
#   Increase physical memory or swap space
#   Check if swap backing store is full
#   Decrease Java heap size (-Xmx/-Xms)
#   Decrease number of Java threads
#   Decrease Java thread stack sizes (-Xss)
#   Set larger code cache with -XX:ReservedCodeCacheSize=
#   JVM is running with Zero Based Compressed Oops mode in which the Java heap is
#     placed in the first 32GB address space. The Java Heap base address is the
#     maximum limit for the native heap growth. Please use -XX:HeapBaseMinAddress
#     to set the Java Heap base and to place the Java Heap above 32GB virtual address.
# This output file may be truncated or incomplete.
#
#  Out of Memory Error (os_windows.cpp:3766), pid=5884, tid=22540
#
# JRE version:  (25.0.3) (build )
# Java VM: OpenJDK 64-Bit Server VM (25.0.3+-15898627-b508.16, mixed mode, sharing, tiered, compressed oops, compressed class ptrs, g1 gc, windows-amd64)
# No core dump will be written. Minidumps are not enabled by default on client versions of Windows
#

---------------  S U M M A R Y ------------

Command Line: org.jetbrains.kotlin.cli.jvm.K2JVMCompiler @C:\Users\jerin\AndroidStudioProjects\Focus_Plan_Builder\app\build\20260918_1229142467638490591.compiler.options

Host: AMD Ryzen 7 4800H with Radeon Graphics         , 16 cores, 15G,  Windows 11 , 64 bit Build 26100 (10.0.26100.9444)
Time: Fri Sep 18 20:35:35 2026 Eastern Daylight Time elapsed time: 0.051410 seconds (0d 0h 0m 0s)

---------------  T H R E A D  ---------------

Current thread (0x000001e0b5520130):  JavaThread "Unknown thread" [_thread_in_vm, id=22540, stack(0x000000856ce00000,0x000000856cf00000) (1024K)]

Stack: [0x000000856ce00000,0x000000856cf00000]
Native frames: (J=compiled Java code, j=interpreted, Vv=VM code, C=native code)
V  [jvm.dll+0x7bf039]  (no source info available)
V  [jvm.dll+0x78912d]  (no source info available)
V  [jvm.dll+0xa0e615]  (no source info available)
V  [jvm.dll+0xa10c94]  (no source info available)
V  [jvm.dll+0xa11393]  (no source info available)
V  [jvm.dll+0x30a116]  (no source info available)
V  [jvm.dll+0x7bb145]  (no source info available)
V  [jvm.dll+0x7adc17]  (no source info available)
V  [jvm.dll+0x3fea3b]  (no source info available)
V  [jvm.dll+0x406bf6]  (no source info available)
V  [jvm.dll+0x3f30a6]  (no source info available)
V  [jvm.dll+0x3f3388]  (no source info available)
V  [jvm.dll+0x3c8622]  (no source info available)
V  [jvm.dll+0x3c943e]  (no source info available)
V  [jvm.dll+0x9d36cf]  (no source info available)
V  [jvm.dll+0x464f42]  (no source info available)
V  [jvm.dll+0x9b74d2]  (no source info available)
V  [jvm.dll+0x507b3e]  (no source info available)
V  [jvm.dll+0x5093c1]  (no source info available)
C  [jli.dll+0x5401]  (no source info available)
C  [ucrtbase.dll+0x2cd30]  (no source info available)
C  [KERNEL32.DLL+0x2cd87]  (no source info available)
C  [ntdll.dll+0xacaec]  (no source info available)

Lock stack of current Java thread (top to bottom):


---------------  P R O C E S S  ---------------

Threads class SMR info:
_java_thread_list=0x00007ff875851c08, length=0, elements={
}

Java Threads: ( => current thread )
Total: 0

Other Threads:
  0x000001e0b796b580 WorkerThread "GC Thread#0"                     [id=16192, stack(0x000000856cf00000,0x000000856d000000) (1024K)]
  0x000001e0b7984350 ConcurrentGCThread "G1 Main Marker"            [id=7592, stack(0x000000856d000000,0x000000856d100000) (1024K)]
  0x000001e0b7985dd0 WorkerThread "G1 Conc#0"                       [id=10984, stack(0x000000856d100000,0x000000856d200000) (1024K)]

[error occurred during error reporting (printing all threads), id 0xc0000005, EXCEPTION_ACCESS_VIOLATION (0xc0000005) at pc=0x00007ff874ecdbba]
VM state: not at safepoint (not fully initialized)

VM Mutex/Monitor currently owned by a thread:  ([mutex/lock_event])
[0x00007ff8758d7aa8] Heap_lock - owner thread: 0x000001e0b5520130

Heap address: 0x0000000702000000, size: 4064 MB, Compressed Oops mode: Zero based, Oop shift amount: 3

CDS archive(s) mapped at: [0x0000000000000000-0x0000000000000000-0x0000000000000000), size 0, SharedBaseAddress: 0x0000000800000000, ArchiveRelocationMode: 1.
UseCompressedClassPointers 1, UseCompactObjectHeaders 0
Narrow klass pointer bits 32, Max shift 3
Narrow klass base: 0xffffffffffffffff, Narrow klass shift: -1
Encoding Range: [0xffffffffffffffff - 0x000000007fffffff), (2147483648 bytes)
Klass Range:    [0x0000000000000000 - 0x0000000000000000), (0 bytes)
Klass ID Range:  [4294967295 - 0) (1)
No protection zone.

GC Precious Log:
 CardTable entry size: 512
 Card Set container configuration: InlinePtr #cards 4 size 8 Array Of Cards #cards 16 size 48 Howl #buckets 8 coarsen threshold 3686 Howl Bitmap #cards 512 size 80 coarsen threshold 460 Card regions per heap region 1 cards per card region 4096

Heap:
 garbage-first heap   total reserved 4161536K, committed 0K, used 0K [0x0000000702000000, 0x0000000800000000)
  region size 2048K, 0 young (0K), 0 survivors (0K)

Heap Regions: E=young(eden), S=young(survivor), O=old, HS=humongous(starts), HC=humongous(continues), CS=collection set, F=free, TAMS=top-at-mark-start, PB=parsable bottom

Card table byte_map: [0x000001e0cae90000,0x000001e0cb680000] _byte_map_base: 0x000001e0c7680000

Marking Bits: (CMBitMap*) 0x000001e0b796bd10
 Bits: [0x000001e0cb680000, 0x000001e0cf600000)

GC Heap Usage History (0 events):
No events

Metaspace Usage History (0 events):
No events

Dll operation events (1 events):
Event: 0.012 Loaded shared library C:\Program Files\Android\Android Studio1\jbr\bin\java.dll

Deoptimization events (0 events):
No events

Classes loaded (0 events):
No events

Classes unloaded (0 events):
No events

Classes redefined (0 events):
No events

Internal exceptions (0 events):
No events

VM Operations (0 events):
No events

Memory protections (0 events):
No events

Nmethod flushes (0 events):
No events

Events (0 events):
No events


Dynamic libraries:
0x00007ff6ce1d0000 - 0x00007ff6ce1da000 	C:\Program Files\Android\Android Studio1\jbr\bin\java.exe
0x00007ff915c80000 - 0x00007ff915ee7000 	C:\WINDOWS\SYSTEM32\ntdll.dll
0x00007ff913fc0000 - 0x00007ff91408b000 	C:\WINDOWS\System32\KERNEL32.DLL
0x00007ff912f30000 - 0x00007ff913332000 	C:\WINDOWS\System32\KERNELBASE.dll
0x00007ff913370000 - 0x00007ff9134bc000 	C:\WINDOWS\System32\ucrtbase.dll
0x00007ff8e0370000 - 0x00007ff8e0386000 	C:\Program Files\Android\Android Studio1\jbr\bin\jli.dll
0x00007ff909d20000 - 0x00007ff909d3b000 	C:\Program Files\Android\Android Studio1\jbr\bin\VCRUNTIME140.dll
0x00007ff915520000 - 0x00007ff9156ef000 	C:\WINDOWS\System32\USER32.dll
0x00007ff913340000 - 0x00007ff913367000 	C:\WINDOWS\System32\win32u.dll
0x00007ff8e77e0000 - 0x00007ff8e7a70000 	C:\WINDOWS\WinSxS\amd64_microsoft.windows.common-controls_6595b64144ccf1df_6.0.26100.9278_none_3e0d1ba8e3303201\COMCTL32.dll
0x00007ff9152e0000 - 0x00007ff91530b000 	C:\WINDOWS\System32\GDI32.dll
0x00007ff913d50000 - 0x00007ff913df9000 	C:\WINDOWS\System32\msvcrt.dll
0x00007ff913620000 - 0x00007ff913749000 	C:\WINDOWS\System32\gdi32full.dll
0x00007ff912e80000 - 0x00007ff912f23000 	C:\WINDOWS\System32\msvcp_win.dll
0x00007ff913f80000 - 0x00007ff913fb1000 	C:\WINDOWS\System32\IMM32.DLL
0x00007ff909d00000 - 0x00007ff909d0c000 	C:\Program Files\Android\Android Studio1\jbr\bin\vcruntime140_1.dll
0x00007ff899300000 - 0x00007ff89938d000 	C:\Program Files\Android\Android Studio1\jbr\bin\msvcp140.dll
0x00007ff874af0000 - 0x00007ff8759cd000 	C:\Program Files\Android\Android Studio1\jbr\bin\server\jvm.dll
0x00007ff9151c0000 - 0x00007ff91527c000 	C:\WINDOWS\System32\ADVAPI32.dll
0x00007ff9150a0000 - 0x00007ff915149000 	C:\WINDOWS\System32\sechost.dll
0x00007ff913ac0000 - 0x00007ff913bd8000 	C:\WINDOWS\System32\RPCRT4.dll
0x00007ff913a30000 - 0x00007ff913ab0000 	C:\WINDOWS\System32\WS2_32.dll
0x00007ff912ce0000 - 0x00007ff912d3e000 	C:\WINDOWS\SYSTEM32\POWRPROF.dll
0x00007ff9019c0000 - 0x00007ff9019f6000 	C:\WINDOWS\SYSTEM32\WINMM.dll
0x00007ff90b760000 - 0x00007ff90b76b000 	C:\WINDOWS\SYSTEM32\VERSION.dll
0x00007ff912cc0000 - 0x00007ff912cd5000 	C:\WINDOWS\SYSTEM32\UMPDC.dll
0x00007ff911b50000 - 0x00007ff911b6b000 	C:\WINDOWS\SYSTEM32\kernel.appcore.dll
0x00007ff909cb0000 - 0x00007ff909cba000 	C:\Program Files\Android\Android Studio1\jbr\bin\jimage.dll
0x00007ff910640000 - 0x00007ff91088c000 	C:\WINDOWS\SYSTEM32\DBGHELP.DLL
0x00007ff915700000 - 0x00007ff915a85000 	C:\WINDOWS\System32\combase.dll
0x00007ff915330000 - 0x00007ff915409000 	C:\WINDOWS\System32\OLEAUT32.dll
0x00007ff8e2610000 - 0x00007ff8e264b000 	C:\WINDOWS\SYSTEM32\dbgcore.DLL
0x00007ff9138e0000 - 0x00007ff91398c000 	C:\WINDOWS\System32\bcryptPrimitives.dll
0x00007ff909150000 - 0x00007ff90916e000 	C:\Program Files\Android\Android Studio1\jbr\bin\java.dll
0x00007ff915a90000 - 0x00007ff915c2a000 	C:\WINDOWS\System32\ole32.dll
0x00007ff914720000 - 0x00007ff914eb8000 	C:\WINDOWS\System32\SHELL32.dll

JVMTI agents: none

dbghelp: loaded successfully - version: 4.0.5 - missing functions: none
symbol engine: initialized successfully - sym options: 0x614 - pdb path: .;C:\Program Files\Android\Android Studio1\jbr\bin;C:\WINDOWS\SYSTEM32;C:\WINDOWS\WinSxS\amd64_microsoft.windows.common-controls_6595b64144ccf1df_6.0.26100.9278_none_3e0d1ba8e3303201;C:\Program Files\Android\Android Studio1\jbr\bin\server

VM Arguments:
java_command: org.jetbrains.kotlin.cli.jvm.K2JVMCompiler @C:\Users\jerin\AndroidStudioProjects\Focus_Plan_Builder\app\build\20260918_1229142467638490591.compiler.options
java_class_path (initial): C:\Users\jerin\.gradle\caches\modules-2\files-2.1\org.jetbrains.kotlin\kotlin-compiler-embeddable\2.2.10\6882d39ef03b18879c1a5d2a83c2212361bed5fe\kotlin-compiler-embeddable-2.2.10.jar;C:\Users\jerin\.gradle\caches\modules-2\files-2.1\org.jetbrains.kotlin\kotlin-stdlib\2.2.10\30de6faa127a4a012db8e71bf1b9c0a99b1402b2\kotlin-stdlib-2.2.10.jar;C:\Users\jerin\.gradle\caches\modules-2\files-2.1\org.jetbrains.kotlin\kotlin-script-runtime\2.2.10\712f9bc08f378c13a4a00f0bbb28c76e59183e83\kotlin-script-runtime-2.2.10.jar;C:\Users\jerin\.gradle\caches\modules-2\files-2.1\org.jetbrains.kotlin\kotlin-reflect\1.6.10\1cbe9c92c12a94eea200d23c2bbaedaf3daf5132\kotlin-reflect-1.6.10.jar;C:\Users\jerin\.gradle\caches\modules-2\files-2.1\org.jetbrains.kotlin\kotlin-daemon-embeddable\2.2.10\212fd3c2c6e4e5d0f4db3c4191233e2b622380cc\kotlin-daemon-embeddable-2.2.10.jar;C:\Users\jerin\.gradle\caches\modules-2\files-2.1\org.jetbrains.kotlinx\kotlinx-coroutines-core-jvm\1.8.0\ac1dc37a30a93150b704022f8d895ee1bd3a36b3\kotlinx-coroutines-core-jvm-1.8.0.jar;C:\Users\jerin\.gradle\caches\modules-2\files-2.1\org.jetbrains\annotations\13.0\919f0dfe192fb4e063e7dacadee7f8bb9a2672a9\annotations-13.0.jar
Launcher Type: SUN_STANDARD

[Global flags]
     intx CICompilerCount                          = 12                                        {product} {ergonomic}
     uint ConcGCThreads                            = 3                                         {product} {ergonomic}
     uint G1ConcRefinementThreads                  = 13                                        {product} {ergonomic}
   size_t G1HeapRegionSize                         = 2097152                                   {product} {ergonomic}
   size_t InitialHeapSize                          = 266338304                                 {product} {ergonomic}
   size_t MarkStackSize                            = 4194304                                   {product} {ergonomic}
   size_t MarkStackSizeMax                         = 536870912                                 {product} {ergonomic}
   size_t MaxHeapSize                              = 4261412864                                {product} {ergonomic}
   size_t MinHeapDeltaBytes                        = 2097152                                   {product} {ergonomic}
   size_t MinHeapSize                              = 8388608                                   {product} {ergonomic}
    uintx NonNMethodCodeHeapSize                   = 7667712                                {pd product} {ergonomic}
    uintx NonProfiledCodeHeapSize                  = 122028032                              {pd product} {ergonomic}
    uintx ProfiledCodeHeapSize                     = 122028032                              {pd product} {ergonomic}
    uintx ReservedCodeCacheSize                    = 251723776                              {pd product} {ergonomic}
     bool SegmentedCodeCache                       = true                                      {product} {ergonomic}
   size_t SoftMaxHeapSize                          = 4261412864                             {manageable} {ergonomic}
     bool UseCompressedOops                        = true                           {product lp64_product} {ergonomic}
     bool UseG1GC                                  = true                                      {product} {ergonomic}
     bool UseLargePagesIndividualAllocation        = false                                  {pd product} {ergonomic}

Logging:
Log output configuration:
 #0: stdout all=warning uptime,level,tags foldmultilines=false
 #1: stderr all=off uptime,level,tags foldmultilines=false

Release file:
<release file has not been read>
Environment Variables:
JAVA_HOME=C:\Program Files\Java\jdk-17
PATH=C:\Program Files\Eclipse Adoptium\jdk-8.0.462.8-hotspot\bin;C:\Python313\Scripts\;C:\Python313\;C:\Program Files\Eclipse Adoptium\jre-21.0.4.7-hotspot\bin;C:\Program Files\Java\jdk-17\bin;C:\Program Files\Common Files\Oracle\Java\javapath;C:\Program Files (x86)\Common Files\Oracle\Java\java8path;C:\Program Files (x86)\Common Files\Oracle\Java\javapath;C:\msys64\mingw64\bin;C:\Windows\system32;C:\Windows;C:\Windows\System32\Wbem;C:\Windows\System32\WindowsPowerShell\v1.0\;C:\Windows\System32\OpenSSH\;C:\Program Files (x86)\GnuWin32\bin;C:\MinGW\bin;C:\Program Files\mongodb-win32-x86_64-windows-4.4.2\bin;C:\Program Files\MongoDB\Server\4.4\bin;C:\WINDOWS\system32;C:\WINDOWS;C:\WINDOWS\System32\Wbem;C:\WINDOWS\System32\WindowsPowerShell\v1.0\;C:\WINDOWS\System32\OpenSSH\;C:\Program Files\ChromeDriver;C:\Program Files\Git LFS;C:\ProgramData\chocolatey\bin;C:\Program Files\dotnet\;C:\WINDOWS\system32;C:\WINDOWS;C:\WINDOWS\System32\Wbem;C:\WINDOWS\System32\WindowsPowerShell\v1.0\;C:\WINDOWS\System32\OpenSSH\;C:\Program Files (x86)\NVIDIA Corporation\PhysX\Common;C:\Program Files\NVIDIA Corporation\NVIDIA app\NvDLISR;C:\Program Files\nodejs\;C:\Program Files\PuTTY\;C:\Program Files\Git\cmd;C:\Program Files\Go\bin;C:\Users\jerin\AppData\Local\Programs\Python\Python39\Scripts\;C:\Users\jerin\AppData\Local\Programs\Python\Python39\;C:\Users\jerin\AppData\Local\Microsoft\WindowsApps;;C:\Users\jerin\AppData\Local\Programs\Microsoft VS Code\bin;C:\Program Files\heroku\bin;C:\Users\jerin\AppData\Local\Microsoft\WinGet\Packages\GorillaDevs.Ferium_Microsoft.Winget.Source_8wekyb3d8bbwe;C:\Users\jerin\AppData\Roaming\npm;C:\Users\jerin\go\bin
USERNAME=jerin
OS=Windows_NT
PROCESSOR_IDENTIFIER=AMD64 Family 23 Model 96 Stepping 1, AuthenticAMD
TMP=C:\Users\jerin\AppData\Local\Temp
TEMP=C:\Users\jerin\AppData\Local\Temp




Compilation memory statistics disabled.

Periodic native trim disabled

JNI global refs:
JNI global refs: 0, weak refs: 0

JNI global refs memory usage: 0, weak refs: 0

Process memory usage:
Resident Set Size: 15068K (0% of 16643396K total physical memory with 2167068K free physical memory)

OOME stack traces (most recent first):
Classloader memory used:

---------------  S Y S T E M  ---------------

OS:
 Windows 11 , 64 bit Build 26100 (10.0.26100.9444)
OS uptime: 3 days 6:20 hours
Hyper-V role detected

CPU: total 16 (initial active 16) (16 cores per cpu, 2 threads per core) family 23 model 96 stepping 1 microcode 0x8600104, cx8, cmov, fxsr, ht, mmx, 3dnowpref, sse, sse2, sse3, ssse3, sse4a, sse4.1, sse4.2, popcnt, lzcnt, tsc, tscinvbit, avx, avx2, aes, clmul, bmi1, bmi2, adx, sha, fma, vzeroupper, clflush, clflushopt, clwb, hv, rdtscp, rdpid, f16c
Processor Information for the first 16 processors :
  Max Mhz: 2900, Current Mhz: 2900, Mhz Limit: 2900

Memory: 4k page, system-wide physical 16253M (2116M free)
TotalPageFile size 20349M (AvailPageFile size 201M)
current process WorkingSet (physical memory assigned to process): 14M, peak: 14M
current process commit charge ("private bytes"): 71M, peak: 325M

vm_info: OpenJDK 64-Bit Server VM (25.0.3+-15898627-b508.16) for windows-amd64 JRE (25.0.3+-15898627-b508.16), built on 2026-07-20T17:54:23Z with MS VC++ 16.10 / 16.11 (VS2019)

END.
